[backblue.gif]
[fade.gif]
[index.html]
[glorious-task-766013-export-d98db.rehosted.page/assets/meta/meta-f71059c6.json]
[glorious-task-766013-export-d98db.rehosted.page/assets/meta/meta-82489c76.json]
[glorious-task-766013-export-d98db.rehosted.page/assets/images/image-709183f1.png]
[glorious-task-766013-export-d98db.rehosted.page/assets/images/image-16c11417.png]
[glorious-task-766013-export-d98db.rehosted.page/assets/images/image-ca16b093.png]
[glorious-task-766013-export-d98db.rehosted.page/assets/meta/meta-b737b8c3.png]
[glorious-task-766013-export-d98db.rehosted.page/assets/fonts/font-34fca41a.woff2]
[glorious-task-766013-export-d98db.rehosted.page/assets/fonts/font-239f96a2.woff2]
[glorious-task-766013-export-d98db.rehosted.page/assets/fonts/font-b1651ba6.woff2]
[glorious-task-766013-export-d98db.rehosted.page/assets/fonts/font-d70500b6.woff2]
[glorious-task-766013-export-d98db.rehosted.page/assets/fonts/font-948f92b1.woff2]
[glorious-task-766013-export-d98db.rehosted.page/assets/fonts/font-95d47628.woff2]
[glorious-task-766013-export-d98db.rehosted.page/assets/fonts/font-48d54789.woff2]
[glorious-task-766013-export-d98db.rehosted.page/assets/fonts/font-b7bcaf4d.woff2]
[glorious-task-766013-export-d98db.rehosted.page/assets/fonts/font-f5679bd1.woff2]
[glorious-task-766013-export-d98db.rehosted.page/assets/fonts/font-4c7778ed.woff2]
[glorious-task-766013-export-d98db.rehosted.page/assets/fonts/font-388a7c4e.woff2]
[glorious-task-766013-export-d98db.rehosted.page/assets/fonts/font-cd48ba5f.woff2]
[glorious-task-766013-export-d98db.rehosted.page/assets/fonts/font-c0215d82.woff2]
[glorious-task-766013-export-d98db.rehosted.page/assets/fonts/font-ba02b29b.woff2]
[glorious-task-766013-export-d98db.rehosted.page/assets/fonts/font-d342a035.woff2]
[glorious-task-766013-export-d98db.rehosted.page/assets/fonts/font-29ec2a1b.woff2]
[glorious-task-766013-export-d98db.rehosted.page/assets/fonts/font-2666a469.woff2]
[glorious-task-766013-export-d98db.rehosted.page/assets/fonts/font-ca74d670.woff2]
[glorious-task-766013-export-d98db.rehosted.page/assets/fonts/font-5afd6099.woff2]
[glorious-task-766013-export-d98db.rehosted.page/assets/fonts/font-b055aed3.woff2]
[glorious-task-766013-export-d98db.rehosted.page/assets/fonts/font-89f781aa.woff2]
[glorious-task-766013-export-d98db.rehosted.page/assets/fonts/font-9aa59595.woff2]
[glorious-task-766013-export-d98db.rehosted.page/assets/fonts/font-dd584bfb.woff2]
[glorious-task-766013-export-d98db.rehosted.page/assets/fonts/font-9c4cf147.woff2]
[glorious-task-766013-export-d98db.rehosted.page/assets/fonts/font-7f426cd1.woff2]
[glorious-task-766013-export-d98db.rehosted.page/assets/fonts/font-93e3e9bb.woff2]
[glorious-task-766013-export-d98db.rehosted.page/assets/fonts/font-707fdc78.woff2]
[glorious-task-766013-export-d98db.rehosted.page/assets/fonts/font-f291989f.woff2]
[glorious-task-766013-export-d98db.rehosted.page/assets/fonts/font-847e9200.woff2]
[glorious-task-766013-export-d98db.rehosted.page/assets/fonts/font-a1e9f8dc.woff2]
[glorious-task-766013-export-d98db.rehosted.page/assets/fonts/font-a26ba202.woff2]
[glorious-task-766013-export-d98db.rehosted.page/assets/fonts/font-e46bce5a.woff2]
[glorious-task-766013-export-d98db.rehosted.page/assets/fonts/font-d46eff7a.woff2]
[glorious-task-766013-export-d98db.rehosted.page/assets/fonts/font-7cc62c78.woff2]
[glorious-task-766013-export-d98db.rehosted.page/assets/fonts/font-1f1f2cc1.woff2]
[glorious-task-766013-export-d98db.rehosted.page/assets/fonts/font-1f3e1827.woff2]
[glorious-task-766013-export-d98db.rehosted.page/assets/fonts/font-2ca7f647.woff2]
[glorious-task-766013-export-d98db.rehosted.page/assets/fonts/font-0c089940.woff2]
[glorious-task-766013-export-d98db.rehosted.page/assets/fonts/font-dfa7f96c.woff2]
[glorious-task-766013-export-d98db.rehosted.page/assets/fonts/font-b59b5fa8.woff2]
[glorious-task-766013-export-d98db.rehosted.page/assets/fonts/font-e340c6ac.woff2]
[glorious-task-766013-export-d98db.rehosted.page/assets/fonts/font-501c1ca7.woff2]
[glorious-task-766013-export-d98db.rehosted.page/assets/fonts/font-0905216c.woff2]
[glorious-task-766013-export-d98db.rehosted.page/assets/fonts/font-b05cf4e1.woff2]
[glorious-task-766013-export-d98db.rehosted.page/assets/fonts/font-c63e5ea8.woff2]
[glorious-task-766013-export-d98db.rehosted.page/assets/fonts/font-10ef0fa0.woff2]
[glorious-task-766013-export-d98db.rehosted.page/assets/fonts/font-d6085f2e.woff2]
[glorious-task-766013-export-d98db.rehosted.page/assets/fonts/font-20e1fe9e.woff2]
[glorious-task-766013-export-d98db.rehosted.page/assets/fonts/font-3d473eff.woff2]
[glorious-task-766013-export-d98db.rehosted.page/assets/fonts/font-79cc6914.woff2]
[glorious-task-766013-export-d98db.rehosted.page/assets/fonts/font-39874444.woff2]
[glorious-task-766013-export-d98db.rehosted.page/assets/fonts/font-b8b4c65d.woff2]
[glorious-task-766013-export-d98db.rehosted.page/assets/fonts/font-0cdb6a6e.woff2]
[glorious-task-766013-export-d98db.rehosted.page/assets/fonts/font-1ef5587c.woff2]
[glorious-task-766013-export-d98db.rehosted.page/assets/fonts/font-d84988c3.woff2]
[glorious-task-766013-export-d98db.rehosted.page/assets/fonts/font-33c72949.woff2]
[glorious-task-766013-export-d98db.rehosted.page/assets/fonts/font-e4265470.woff2]
[glorious-task-766013-export-d98db.rehosted.page/assets/images/image-915b77a262c1.png]
[glorious-task-766013-export-d98db.rehosted.page/assets/images/image-915b77a2158b.png]
[glorious-task-766013-export-d98db.rehosted.page/assets/images/image-915b77a20fa5.png]
[glorious-task-766013-export-d98db.rehosted.page/assets/images/image-f5c61b7ba661.png]
[glorious-task-766013-export-d98db.rehosted.page/assets/images/image-f5c61b7b5f3d.png]
[glorious-task-766013-export-d98db.rehosted.page/assets/images/image-b5c547b6a661.png]
[glorious-task-766013-export-d98db.rehosted.page/assets/images/image-b5c547b65f3d.png]
[glorious-task-766013-export-d98db.rehosted.page/assets/images/image-f0a157dfa661.png]
[glorious-task-766013-export-d98db.rehosted.page/assets/images/image-f0a157df5f3d.png]
[glorious-task-766013-export-d98db.rehosted.page/assets/images/image-3c34acc3a661.png]
[glorious-task-766013-export-d98db.rehosted.page/assets/images/image-3c34acc35f3d.png]
[glorious-task-766013-export-d98db.rehosted.page/assets/images/image-f5c61b7ba05a.png]
[glorious-task-766013-export-d98db.rehosted.page/assets/images/image-b5c547b67886.png]
[glorious-task-766013-export-d98db.rehosted.page/assets/images/image-f0a157dfe612.png]
[glorious-task-766013-export-d98db.rehosted.page/index.html]
[glorious-task-766013-export-d98db.rehosted.page/assets/images/image-3c34acc30b96.png]
[glorious-task-766013-export-d98db.rehosted.page/assets/images/image-85e1c397732a.jpg]
[glorious-task-766013-export-d98db.rehosted.page/assets/images/image-85e1c3975669.jpg]
[glorious-task-766013-export-d98db.rehosted.page/assets/images/image-85e1c39769fb.jpg]
[glorious-task-766013-export-d98db.rehosted.page/assets/images/image-0a723ccf9d44.png]
[glorious-task-766013-export-d98db.rehosted.page/assets/images/image-0a723ccf1c62.png]
[glorious-task-766013-export-d98db.rehosted.page/assets/images/image-0a723ccf1ddd.png]
[glorious-task-766013-export-d98db.rehosted.page/assets/images/image-0a723ccf0098.png]
[glorious-task-766013-export-d98db.rehosted.page/assets/images/image-98d54eb58e73.jpg]
[glorious-task-766013-export-d98db.rehosted.page/assets/images/image-98d54eb523e8.jpg]
[glorious-task-766013-export-d98db.rehosted.page/assets/images/image-98d54eb545e5.jpg]
[glorious-task-766013-export-d98db.rehosted.page/assets/images/image-98d54eb516b9.jpg]
[glorious-task-766013-export-d98db.rehosted.page/about-me.html]
[glorious-task-766013-export-d98db.rehosted.page/assets/images/image-e56af7d2.png]
[glorious-task-766013-export-d98db.rehosted.page/assets/images/image-e56af7d24884.png]
[glorious-task-766013-export-d98db.rehosted.page/assets/images/image-e56af7d2ab0b.png]
[framerusercontent.com/images/eFBxCPZpVlbPL618Vdo1BlqIc0.png]
[glorious-task-766013-export-d98db.rehosted.page/projects/amortization-bradesco.html]
[glorious-task-766013-export-d98db.rehosted.page/assets/images/image-e56af7d25ea6.png]
[glorious-task-766013-export-d98db.rehosted.page/assets/images/image-3a4b9975.png]
[glorious-task-766013-export-d98db.rehosted.page/assets/images/image-3a4b99750e0a.png]
[glorious-task-766013-export-d98db.rehosted.page/assets/images/image-3a4b9975bbae.png]
[glorious-task-766013-export-d98db.rehosted.page/assets/images/image-3a4b9975dff1.png]
[framerusercontent.com/images/F6fOPLWv3OAEcw5LdpNlEmN3YoI.png]
[glorious-task-766013-export-d98db.rehosted.page/projects/credit-portability-bradesco.html]
[glorious-task-766013-export-d98db.rehosted.page/assets/images/image-3a4b9975c0f7.png]
[glorious-task-766013-export-d98db.rehosted.page/projects/sigma-gd-serena.html]
[glorious-task-766013-export-d98db.rehosted.page/projects/cashback-app-project.html]
[glorious-task-766013-export-d98db.rehosted.page/assets/animate/rolldown-runtime.Dh6celcD.mjs]
[glorious-task-766013-export-d98db.rehosted.page/assets/animate/react.BNsJAPhr.mjs]
[glorious-task-766013-export-d98db.rehosted.page/assets/animate/nocodexport.Bct4reZY.mjs]
[glorious-task-766013-export-d98db.rehosted.page/assets/animate/motion.CA7Ore89.mjs]
[glorious-task-766013-export-d98db.rehosted.page/assets/animate/ZHwFpsei6ApV23DN0nNYO94dy6x4ytbomxEUDI5XB6A.gE7c6K0w.mjs]
[glorious-task-766013-export-d98db.rehosted.page/assets/animate/E1cy6o9Uk.JVFmGK8s.mjs]
[glorious-task-766013-export-d98db.rehosted.page/assets/animate/LiP8W1iRK.BJetlflW.mjs]
[glorious-task-766013-export-d98db.rehosted.page/assets/animate/yXFtqEvhG.QYtwick-.mjs]
[glorious-task-766013-export-d98db.rehosted.page/assets/animate/AcQ8tZaTg.BMQIb9SM.mjs]
[glorious-task-766013-export-d98db.rehosted.page/assets/animate/RYjZ3Rb7klNNm4tMbKYM_mbQzoqat-78H1N-pZ653aY.Bm_9eCct.mjs]
[glorious-task-766013-export-d98db.rehosted.page/assets/animate/shared-lib.zQwQdhGE.mjs]
[glorious-task-766013-export-d98db.rehosted.page/assets/animate/script_main.B1LgwpCn.mjs]
[glorious-task-766013-export-d98db.rehosted.page/assets/animate/jHc6B5WyTjHIMIoGsMDdAEljxpUTQvVIt-UtudQUpFE.dQfu0hqZ.mjs]
[glorious-task-766013-export-d98db.rehosted.page/assets/animate/n-W_yqR7Xc3oMsomISaYRvaVfnTmhpZWWZbh0MK6sLA.CT0yAkws.mjs]
[glorious-task-766013-export-d98db.rehosted.page/assets/images/image-fb9d1b4e.svg]
[glorious-task-766013-export-d98db.rehosted.page/assets/images/image-cedd18b1.svg]
[glorious-task-766013-export-d98db.rehosted.page/assets/images/image-4acea564.svg]
[glorious-task-766013-export-d98db.rehosted.page/assets/images/image-dd613d9a.svg]
[glorious-task-766013-export-d98db.rehosted.page/assets/animate/7koC6hgbbJ83ho50F1zuJ_UC7CSEjMN2naD1P8Jd_VM.CiQKp_uq.mjs]
[glorious-task-766013-export-d98db.rehosted.page/assets/animate/E6uiCWgBxu0FeGI6_q06RlZaf2uafX3DpST5M2QMKfQ._D-R_aHb.mjs]
[glorious-task-766013-export-d98db.rehosted.page/assets/images/image-d10d34ca.svg]
[glorious-task-766013-export-d98db.rehosted.page/assets/images/image-e505ee13.svg]
[glorious-task-766013-export-d98db.rehosted.page/assets/images/image-ae806ac5.svg]
[glorious-task-766013-export-d98db.rehosted.page/${yt(e.html]
[glorious-task-766013-export-d98db.rehosted.page/e,K.document.baseURI.html]
[glorious-task-766013-export-d98db.rehosted.page/t.html]
[glorious-task-766013-export-d98db.rehosted.page/e,n.html]
[glorious-task-766013-export-d98db.rehosted.page/e.html]
[glorious-task-766013-export-d98db.rehosted.page/e.value.html]
[glorious-task-766013-export-d98db.rehosted.page/${i}.html]
[glorious-task-766013-export-d98db.rehosted.page/t-2.html]
[glorious-task-766013-export-d98db.rehosted.page/r,K.location.href.html]
